Archive member included to satisfy reference by file (symbol)

E:\study\german language\7th sem\Projects\Music_Spectrum\libs\libarm_cortexM4lf_math.a(arm_cfft_radix4_init_f32.o)
                              Core/Src/main.o (arm_cfft_radix4_init_f32)
E:\study\german language\7th sem\Projects\Music_Spectrum\libs\libarm_cortexM4lf_math.a(arm_cfft_radix4_f32.o)
                              Core/Src/main.o (arm_cfft_radix4_f32)
E:\study\german language\7th sem\Projects\Music_Spectrum\libs\libarm_cortexM4lf_math.a(arm_cmplx_mag_f32.o)
                              Core/Src/main.o (arm_cmplx_mag_f32)
E:\study\german language\7th sem\Projects\Music_Spectrum\libs\libarm_cortexM4lf_math.a(arm_common_tables.o)
                              E:\study\german language\7th sem\Projects\Music_Spectrum\libs\libarm_cortexM4lf_math.a(arm_cfft_radix4_init_f32.o) (twiddleCoef_4096)
E:\study\german language\7th sem\Projects\Music_Spectrum\libs\libarm_cortexM4lf_math.a(arm_bitreversal.o)
                              E:\study\german language\7th sem\Projects\Music_Spectrum\libs\libarm_cortexM4lf_math.a(arm_cfft_radix4_f32.o) (arm_bitreversal_f32)
c:/st/stm32cubeide_1.1.0/stm32cubeide/plugins/com.st.stm32cube.ide.mcu.externaltools.gnu-tools-for-stm32.7-2018-q2-update.win32_1.0.0.201904181610/tools/bin/../lib/gcc/arm-none-eabi/7.3.1/../../../../arm-none-eabi/lib/thumb/v7e-m/fpv4-sp/hard\libc_nano.a(lib_a-errno.o)
                              Core/Src/syscalls.o (__errno)
c:/st/stm32cubeide_1.1.0/stm32cubeide/plugins/com.st.stm32cube.ide.mcu.externaltools.gnu-tools-for-stm32.7-2018-q2-update.win32_1.0.0.201904181610/tools/bin/../lib/gcc/arm-none-eabi/7.3.1/../../../../arm-none-eabi/lib/thumb/v7e-m/fpv4-sp/hard\libc_nano.a(lib_a-exit.o)
                              c:/st/stm32cubeide_1.1.0/stm32cubeide/plugins/com.st.stm32cube.ide.mcu.externaltools.gnu-tools-for-stm32.7-2018-q2-update.win32_1.0.0.201904181610/tools/bin/../lib/gcc/arm-none-eabi/7.3.1/../../../../arm-none-eabi/lib/thumb/v7e-m/fpv4-sp/hard/crt0.o (exit)
c:/st/stm32cubeide_1.1.0/stm32cubeide/plugins/com.st.stm32cube.ide.mcu.externaltools.gnu-tools-for-stm32.7-2018-q2-update.win32_1.0.0.201904181610/tools/bin/../lib/gcc/arm-none-eabi/7.3.1/../../../../arm-none-eabi/lib/thumb/v7e-m/fpv4-sp/hard\libc_nano.a(lib_a-impure.o)
                              c:/st/stm32cubeide_1.1.0/stm32cubeide/plugins/com.st.stm32cube.ide.mcu.externaltools.gnu-tools-for-stm32.7-2018-q2-update.win32_1.0.0.201904181610/tools/bin/../lib/gcc/arm-none-eabi/7.3.1/../../../../arm-none-eabi/lib/thumb/v7e-m/fpv4-sp/hard\libc_nano.a(lib_a-exit.o) (_global_impure_ptr)
c:/st/stm32cubeide_1.1.0/stm32cubeide/plugins/com.st.stm32cube.ide.mcu.externaltools.gnu-tools-for-stm32.7-2018-q2-update.win32_1.0.0.201904181610/tools/bin/../lib/gcc/arm-none-eabi/7.3.1/../../../../arm-none-eabi/lib/thumb/v7e-m/fpv4-sp/hard\libc_nano.a(lib_a-init.o)
                              c:/st/stm32cubeide_1.1.0/stm32cubeide/plugins/com.st.stm32cube.ide.mcu.externaltools.gnu-tools-for-stm32.7-2018-q2-update.win32_1.0.0.201904181610/tools/bin/../lib/gcc/arm-none-eabi/7.3.1/../../../../arm-none-eabi/lib/thumb/v7e-m/fpv4-sp/hard/crt0.o (__libc_init_array)
c:/st/stm32cubeide_1.1.0/stm32cubeide/plugins/com.st.stm32cube.ide.mcu.externaltools.gnu-tools-for-stm32.7-2018-q2-update.win32_1.0.0.201904181610/tools/bin/../lib/gcc/arm-none-eabi/7.3.1/../../../../arm-none-eabi/lib/thumb/v7e-m/fpv4-sp/hard\libc_nano.a(lib_a-memset.o)
                              c:/st/stm32cubeide_1.1.0/stm32cubeide/plugins/com.st.stm32cube.ide.mcu.externaltools.gnu-tools-for-stm32.7-2018-q2-update.win32_1.0.0.201904181610/tools/bin/../lib/gcc/arm-none-eabi/7.3.1/../../../../arm-none-eabi/lib/thumb/v7e-m/fpv4-sp/hard/crt0.o (memset)
c:/st/stm32cubeide_1.1.0/stm32cubeide/plugins/com.st.stm32cube.ide.mcu.externaltools.gnu-tools-for-stm32.7-2018-q2-update.win32_1.0.0.201904181610/tools/bin/../lib/gcc/arm-none-eabi/7.3.1/../../../../arm-none-eabi/lib/thumb/v7e-m/fpv4-sp/hard\libm.a(lib_a-wf_sqrt.o)
                              E:\study\german language\7th sem\Projects\Music_Spectrum\libs\libarm_cortexM4lf_math.a(arm_cmplx_mag_f32.o) (sqrtf)
c:/st/stm32cubeide_1.1.0/stm32cubeide/plugins/com.st.stm32cube.ide.mcu.externaltools.gnu-tools-for-stm32.7-2018-q2-update.win32_1.0.0.201904181610/tools/bin/../lib/gcc/arm-none-eabi/7.3.1/../../../../arm-none-eabi/lib/thumb/v7e-m/fpv4-sp/hard\libm.a(lib_a-ef_sqrt.o)
                              c:/st/stm32cubeide_1.1.0/stm32cubeide/plugins/com.st.stm32cube.ide.mcu.externaltools.gnu-tools-for-stm32.7-2018-q2-update.win32_1.0.0.201904181610/tools/bin/../lib/gcc/arm-none-eabi/7.3.1/../../../../arm-none-eabi/lib/thumb/v7e-m/fpv4-sp/hard\libm.a(lib_a-wf_sqrt.o) (__ieee754_sqrtf)
[...]
Memory Configuration

Name             Origin             Length             Attributes
RAM              0x0000000020000000 0x0000000000020000 xrw
FLASH            0x0000000008000000 0x0000000000080000 xr
*default*        0x0000000000000000 0xffffffffffffffff

Linker script and memory map

LOAD c:/st/stm32cubeide_1.1.0/stm32cubeide/plugins/com.st.stm32cube.ide.mcu.externaltools.gnu-tools-for-stm32.7-2018-q2-update.win32_1.0.0.201904181610/tools/bin/../lib/gcc/arm-none-eabi/7.3.1/thumb/v7e-m/fpv4-sp/hard/crti.o
LOAD c:/st/stm32cubeide_1.1.0/stm32cubeide/plugins/com.st.stm32cube.ide.mcu.externaltools.gnu-tools-for-stm32.7-2018-q2-update.win32_1.0.0.201904181610/tools/bin/../lib/gcc/arm-none-eabi/7.3.1/thumb/v7e-m/fpv4-sp/hard/crtbegin.o
LOAD c:/st/stm32cubeide_1.1.0/stm32cubeide/plugins/com.st.stm32cube.ide.mcu.externaltools.gnu-tools-for-stm32.7-2018-q2-update.win32_1.0.0.201904181610/tools/bin/../lib/gcc/arm-none-eabi/7.3.1/../../../../arm-none-eabi/lib/thumb/v7e-m/fpv4-sp/hard/crt0.o
LOAD Core/Src/main.o
LOAD Core/Src/stm32f4xx_it.o
LOAD Core/Src/syscalls.o
LOAD Core/Src/sysmem.o
LOAD Core/Src/system_stm32f4xx.o
LOAD Core/Startup/startup_stm32f446retx.o
LOAD Drivers/STM32F4xx_HAL_Driver/Src/stm32f4xx_hal.o
LOAD Drivers/STM32F4xx_HAL_Driver/Src/stm32f4xx_hal_cortex.o
LOAD Drivers/STM32F4xx_HAL_Driver/Src/stm32f4xx_hal_dma.o
LOAD Drivers/STM32F4xx_HAL_Driver/Src/stm32f4xx_hal_dma_ex.o
LOAD Drivers/STM32F4xx_HAL_Driver/Src/stm32f4xx_hal_exti.o
LOAD Drivers/STM32F4xx_HAL_Driver/Src/stm32f4xx_hal_flash.o
LOAD Drivers/STM32F4xx_HAL_Driver/Src/stm32f4xx_hal_flash_ex.o
LOAD Drivers/STM32F4xx_HAL_Driver/Src/stm32f4xx_hal_flash_ramfunc.o
LOAD Drivers/STM32F4xx_HAL_Driver/Src/stm32f4xx_hal_gpio.o
LOAD Drivers/STM32F4xx_HAL_Driver/Src/stm32f4xx_hal_pwr.o
LOAD Drivers/STM32F4xx_HAL_Driver/Src/stm32f4xx_hal_pwr_ex.o
LOAD Drivers/STM32F4xx_HAL_Driver/Src/stm32f4xx_hal_rcc.o
LOAD Drivers/STM32F4xx_HAL_Driver/Src/stm32f4xx_hal_rcc_ex.o
LOAD Drivers/STM32F4xx_HAL_Driver/Src/stm32f4xx_hal_tim.o
LOAD Drivers/STM32F4xx_HAL_Driver/Src/stm32f4xx_hal_tim_ex.o
LOAD sp_drivers/src/sp_led_matrix.o
LOAD sp_drivers/src/sp_stm32_adc.o
LOAD sp_drivers/src/sp_stm32_clock.o
LOAD sp_drivers/src/sp_stm32_gpio.o
LOAD sp_drivers/src/sp_stm32_spi.o
LOAD sp_drivers/src/sp_stm32_timer.o
LOAD sp_drivers/src/sp_stm32_uart.o
LOAD E:\study\german language\7th sem\Projects\Music_Spectrum\libs\libarm_cortexM4lf_math.a
START GROUP
LOAD c:/st/stm32cubeide_1.1.0/stm32cubeide/plugins/com.st.stm32cube.ide.mcu.externaltools.gnu-tools-for-stm32.7-2018-q2-update.win32_1.0.0.201904181610/tools/bin/../lib/gcc/arm-none-eabi/7.3.1/../../../../arm-none-eabi/lib/thumb/v7e-m/fpv4-sp/hard\libc_nano.a
LOAD c:/st/stm32cubeide_1.1.0/stm32cubeide/plugins/com.st.stm32cube.ide.mcu.externaltools.gnu-tools-for-stm32.7-2018-q2-update.win32_1.0.0.201904181610/tools/bin/../lib/gcc/arm-none-eabi/7.3.1/../../../../arm-none-eabi/lib/thumb/v7e-m/fpv4-sp/hard\libm.a
END GROUP
START GROUP
LOAD c:/st/stm32cubeide_1.1.0/stm32cubeide/plugins/com.st.stm32cube.ide.mcu.externaltools.gnu-tools-for-stm32.7-2018-q2-update.win32_1.0.0.201904181610/tools/bin/../lib/gcc/arm-none-eabi/7.3.1/thumb/v7e-m/fpv4-sp/hard\libgcc.a
LOAD c:/st/stm32cubeide_1.1.0/stm32cubeide/plugins/com.st.stm32cube.ide.mcu.externaltools.gnu-tools-for-stm32.7-2018-q2-update.win32_1.0.0.201904181610/tools/bin/../lib/gcc/arm-none-eabi/7.3.1/../../../../arm-none-eabi/lib/thumb/v7e-m/fpv4-sp/hard\libc_nano.a
END GROUP
START GROUP
LOAD c:/st/stm32cubeide_1.1.0/stm32cubeide/plugins/com.st.stm32cube.ide.mcu.externaltools.gnu-tools-for-stm32.7-2018-q2-update.win32_1.0.0.201904181610/tools/bin/../lib/gcc/arm-none-eabi/7.3.1/thumb/v7e-m/fpv4-sp/hard\libgcc.a
LOAD c:/st/stm32cubeide_1.1.0/stm32cubeide/plugins/com.st.stm32cube.ide.mcu.externaltools.gnu-tools-for-stm32.7-2018-q2-update.win32_1.0.0.201904181610/tools/bin/../lib/gcc/arm-none-eabi/7.3.1/../../../../arm-none-eabi/lib/thumb/v7e-m/fpv4-sp/hard\libc_nano.a
LOAD c:/st/stm32cubeide_1.1.0/stm32cubeide/plugins/com.st.stm32cube.ide.mcu.externaltools.gnu-tools-for-stm32.7-2018-q2-update.win32_1.0.0.201904181610/tools/bin/../lib/gcc/arm-none-eabi/7.3.1/../../../../arm-none-eabi/lib/thumb/v7e-m/fpv4-sp/hard\libnosys.a
END GROUP
START GROUP
LOAD c:/st/stm32cubeide_1.1.0/stm32cubeide/plugins/com.st.stm32cube.ide.mcu.externaltools.gnu-tools-for-stm32.7-2018-q2-update.win32_1.0.0.201904181610/tools/bin/../lib/gcc/arm-none-eabi/7.3.1/thumb/v7e-m/fpv4-sp/hard\libgcc.a
LOAD c:/st/stm32cubeide_1.1.0/stm32cubeide/plugins/com.st.stm32cube.ide.mcu.externaltools.gnu-tools-for-stm32.7-2018-q2-update.win32_1.0.0.201904181610/tools/bin/../lib/gcc/arm-none-eabi/7.3.1/../../../../arm-none-eabi/lib/thumb/v7e-m/fpv4-sp/hard\libc_nano.a
LOAD c:/st/stm32cubeide_1.1.0/stm32cubeide/plugins/com.st.stm32cube.ide.mcu.externaltools.gnu-tools-for-stm32.7-2018-q2-update.win32_1.0.0.201904181610/tools/bin/../lib/gcc/arm-none-eabi/7.3.1/../../../../arm-none-eabi/lib/thumb/v7e-m/fpv4-sp/hard\libnosys.a
END GROUP
LOAD c:/st/stm32cubeide_1.1.0/stm32cubeide/plugins/com.st.stm32cube.ide.mcu.externaltools.gnu-tools-for-stm32.7-2018-q2-update.win32_1.0.0.201904181610/tools/bin/../lib/gcc/arm-none-eabi/7.3.1/thumb/v7e-m/fpv4-sp/hard/crtend.o
LOAD c:/st/stm32cubeide_1.1.0/stm32cubeide/plugins/com.st.stm32cube.ide.mcu.externaltools.gnu-tools-for-stm32.7-2018-q2-update.win32_1.0.0.201904181610/tools/bin/../lib/gcc/arm-none-eabi/7.3.1/thumb/v7e-m/fpv4-sp/hard/crtn.o
                0x0000000020020000                _estack = (ORIGIN (RAM) + LENGTH (RAM))
                0x0000000000000200                _Min_Heap_Size = 0x200
                0x0000000000000400                _Min_Stack_Size = 0x400

.isr_vector     0x0000000008000000      0x1c4
                0x0000000008000000                . = ALIGN (0x4)
 *(.isr_vector)
 .isr_vector    0x0000000008000000      0x1c4 Core/Startup/startup_stm32f446retx.o
                0x0000000008000000                g_pfnVectors
                0x00000000080001c4                . = ALIGN (0x4)

.text           0x00000000080001c8     0x1ab0
                0x00000000080001c8                . = ALIGN (0x4)
 *(.text)
 .text          0x00000000080001c8       0x40 c:/st/stm32cubeide_1.1.0/stm32cubeide/plugins/com.st.stm32cube.ide.mcu.externaltools.gnu-tools-for-stm32.7-2018-q2-update.win32_1.0.0.201904181610/tools/bin/../lib/gcc/arm-none-eabi/7.3.1/thumb/v7e-m/fpv4-sp/hard/crtbegin.o
 .text          0x0000000008000208      0x378 c:/st/stm32cubeide_1.1.0/stm32cubeide/plugins/com.st.stm32cube.ide.mcu.externaltools.gnu-tools-for-stm32.7-2018-q2-update.win32_1.0.0.201904181610/tools/bin/../lib/gcc/arm-none-eabi/7.3.1/thumb/v7e-m/fpv4-sp/hard\libgcc.a(_arm_addsubdf3.o)
                0x0000000008000208                __aeabi_drsub
                0x0000000008000210                __aeabi_dsub
                0x0000000008000210                __subdf3
                0x0000000008000214                __aeabi_dadd
                0x0000000008000214                __adddf3
                0x000000000800048c                __floatunsidf
                0x000000000800048c                __aeabi_ui2d
                0x00000000080004ac                __floatsidf
                0x00000000080004ac                __aeabi_i2d
                0x00000000080004d0                __aeabi_f2d
                0x00000000080004d0                __extendsfdf2
                0x0000000008000514                __floatundidf
                0x0000000008000514                __aeabi_ul2d
                0x0000000008000524                __floatdidf
                0x0000000008000524                __aeabi_l2d
 .text          0x0000000008000580      0x424 c:/st/stm32cubeide_1.1.0/stm32cubeide/plugins/com.st.stm32cube.ide.mcu.externaltools.gnu-tools-for-stm32.7-2018-q2-update.win32_1.0.0.201904181610/tools/bin/../lib/gcc/arm-none-eabi/7.3.1/thumb/v7e-m/fpv4-sp/hard\libgcc.a(_arm_muldivdf3.o)
                0x0000000008000580                __aeabi_dmul
                0x0000000008000580                __muldf3
                0x00000000080007d4                __divdf3
                0x00000000080007d4                __aeabi_ddiv
 .text          0x00000000080009a4       0x40 c:/st/stm32cubeide_1.1.0/stm32cubeide/plugins/com.st.stm32cube.ide.mcu.externaltools.gnu-tools-for-stm32.7-2018-q2-update.win32_1.0.0.201904181610/tools/bin/../lib/gcc/arm-none-eabi/7.3.1/thumb/v7e-m/fpv4-sp/hard\libgcc.a(_arm_fixunsdfsi.o)
                0x00000000080009a4                __aeabi_d2uiz
                0x00000000080009a4                __fixunsdfsi
 .text          0x00000000080009e4       0xa0 c:/st/stm32cubeide_1.1.0/stm32cubeide/plugins/com.st.stm32cube.ide.mcu.externaltools.gnu-tools-for-stm32.7-2018-q2-update.win32_1.0.0.201904181610/tools/bin/../lib/gcc/arm-none-eabi/7.3.1/thumb/v7e-m/fpv4-sp/hard\libgcc.a(_arm_truncdfsf2.o)
                0x00000000080009e4                __truncdfsf2
                0x00000000080009e4                __aeabi_d2f
 *(.text*)
 .text.adcinit  0x0000000008000a84       0x48 Core/Src/main.o
                0x0000000008000a84                adcinit
 .text.gpioinit
                0x0000000008000acc       0x60 Core/Src/main.o
                0x0000000008000acc                gpioinit
 .text.spiinit  0x0000000008000b2c       0x40 Core/Src/main.o
                0x0000000008000b2c                spiinit
 *fill*         0x0000000008000b6c        0x4 
 .text.main     0x0000000008000b70      0x128 Core/Src/main.o
                0x0000000008000b70                main
 .text.delay1   0x0000000008000c98       0x4c Core/Src/main.o
                0x0000000008000c98                delay1
 .text.NMI_Handler
                0x0000000008000ce4        0xe Core/Src/stm32f4xx_it.o
                0x0000000008000ce4                NMI_Handler
 .text.HardFault_Handler
                0x0000000008000cf2        0x6 Core/Src/stm32f4xx_it.o
                0x0000000008000cf2                HardFault_Handler
 .text.MemManage_Handler
                0x0000000008000cf8        0x6 Core/Src/stm32f4xx_it.o
                0x0000000008000cf8                MemManage_Handler
 .text.BusFault_Handler
                0x0000000008000cfe        0x6 Core/Src/stm32f4xx_it.o
                0x0000000008000cfe                BusFault_Handler
 .text.UsageFault_Handler
                0x0000000008000d04        0x6 Core/Src/stm32f4xx_it.o
                0x0000000008000d04                UsageFault_Handler
 .text.SVC_Handler
                0x0000000008000d0a        0xe Core/Src/stm32f4xx_it.o
                0x0000000008000d0a                SVC_Handler
 .text.DebugMon_Handler
                0x0000000008000d18        0xe Core/Src/stm32f4xx_it.o
                0x0000000008000d18                DebugMon_Handler
 .text.PendSV_Handler
                0x0000000008000d26        0xe Core/Src/stm32f4xx_it.o
                0x0000000008000d26                PendSV_Handler
 .text.SysTick_Handler
                0x0000000008000d34        0xc Core/Src/stm32f4xx_it.o
                0x0000000008000d34                SysTick_Handler
 .text.SystemInit
                0x0000000008000d40       0x2c Core/Src/system_stm32f4xx.o
                0x0000000008000d40                SystemInit
 .text.Reset_Handler
                0x0000000008000d6c       0x50 Core/Startup/startup_stm32f446retx.o
                0x0000000008000d6c                Reset_Handler
 .text.Default_Handler
                0x0000000008000dbc        0x2 Core/Startup/startup_stm32f446retx.o
                0x0000000008000dbc                RTC_Alarm_IRQHandler
                0x0000000008000dbc                EXTI2_IRQHandler
                0x0000000008000dbc                TIM8_CC_IRQHandler
                0x0000000008000dbc                FMPI2C1_EV_IRQHandler
                0x0000000008000dbc                SPI4_IRQHandler
                0x0000000008000dbc                TIM1_CC_IRQHandler
                0x0000000008000dbc                DMA2_Stream5_IRQHandler
                0x0000000008000dbc                DMA1_Stream5_IRQHandler
                0x0000000008000dbc                PVD_IRQHandler
                0x0000000008000dbc                SDIO_IRQHandler
                0x0000000008000dbc                TAMP_STAMP_IRQHandler
                0x0000000008000dbc                CAN2_RX1_IRQHandler
                0x0000000008000dbc                EXTI3_IRQHandler
                0x0000000008000dbc                TIM8_TRG_COM_TIM14_IRQHandler
                0x0000000008000dbc                TIM1_UP_TIM10_IRQHandler
                0x0000000008000dbc                TIM8_UP_TIM13_IRQHandler
                0x0000000008000dbc                I2C3_ER_IRQHandler
                0x0000000008000dbc                EXTI0_IRQHandler
                0x0000000008000dbc                I2C2_EV_IRQHandler
                0x0000000008000dbc                DMA1_Stream2_IRQHandler
                0x0000000008000dbc                CAN1_RX0_IRQHandler
                0x0000000008000dbc                FPU_IRQHandler
                0x0000000008000dbc                OTG_HS_WKUP_IRQHandler
                0x0000000008000dbc                CAN2_SCE_IRQHandler
                0x0000000008000dbc                DMA2_Stream2_IRQHandler
                0x0000000008000dbc                SPI1_IRQHandler
                0x0000000008000dbc                TIM6_DAC_IRQHandler
                0x0000000008000dbc                TIM1_BRK_TIM9_IRQHandler
                0x0000000008000dbc                DCMI_IRQHandler
                0x0000000008000dbc                CAN2_RX0_IRQHandler
                0x0000000008000dbc                DMA2_Stream3_IRQHandler
                0x0000000008000dbc                SAI2_IRQHandler
                0x0000000008000dbc                USART6_IRQHandler
                0x0000000008000dbc                USART3_IRQHandler
                0x0000000008000dbc                CAN1_RX1_IRQHandler
                0x0000000008000dbc                UART5_IRQHandler
                0x0000000008000dbc                DMA2_Stream0_IRQHandler
                0x0000000008000dbc                TIM4_IRQHandler
                0x0000000008000dbc                QUADSPI_IRQHandler
                0x0000000008000dbc                I2C1_EV_IRQHandler
                0x0000000008000dbc                DMA1_Stream6_IRQHandler
                0x0000000008000dbc                DMA1_Stream1_IRQHandler
                0x0000000008000dbc                UART4_IRQHandler
                0x0000000008000dbc                TIM3_IRQHandler
                0x0000000008000dbc                RCC_IRQHandler
                0x0000000008000dbc                TIM8_BRK_TIM12_IRQHandler
                0x0000000008000dbc                Default_Handler
                0x0000000008000dbc                CEC_IRQHandler
                0x0000000008000dbc                EXTI15_10_IRQHandler
                0x0000000008000dbc                ADC_IRQHandler
                0x0000000008000dbc                DMA1_Stream7_IRQHandler
                0x0000000008000dbc                TIM7_IRQHandler
                0x0000000008000dbc                CAN2_TX_IRQHandler
                0x0000000008000dbc                TIM5_IRQHandler
                0x0000000008000dbc                DMA2_Stream7_IRQHandler
                0x0000000008000dbc                I2C3_EV_IRQHandler
                0x0000000008000dbc                EXTI9_5_IRQHandler
                0x0000000008000dbc                RTC_WKUP_IRQHandler
                0x0000000008000dbc                SPDIF_RX_IRQHandler
                0x0000000008000dbc                SPI2_IRQHandler
                0x0000000008000dbc                OTG_HS_EP1_IN_IRQHandler
                0x0000000008000dbc                DMA1_Stream0_IRQHandler
                0x0000000008000dbc                CAN1_TX_IRQHandler
                0x0000000008000dbc                FMPI2C1_ER_IRQHandler
                0x0000000008000dbc                EXTI4_IRQHandler
                0x0000000008000dbc                OTG_HS_EP1_OUT_IRQHandler
                0x0000000008000dbc                WWDG_IRQHandler
                0x0000000008000dbc                TIM2_IRQHandler
                0x0000000008000dbc                OTG_FS_WKUP_IRQHandler
                0x0000000008000dbc                TIM1_TRG_COM_TIM11_IRQHandler
                0x0000000008000dbc                OTG_HS_IRQHandler
                0x0000000008000dbc                EXTI1_IRQHandler
                0x0000000008000dbc                USART2_IRQHandler
                0x0000000008000dbc                I2C2_ER_IRQHandler
                0x0000000008000dbc                DMA2_Stream1_IRQHandler
                0x0000000008000dbc                CAN1_SCE_IRQHandler
                0x0000000008000dbc                FLASH_IRQHandler
                0x0000000008000dbc                DMA2_Stream4_IRQHandler
                0x0000000008000dbc                USART1_IRQHandler
                0x0000000008000dbc                OTG_FS_IRQHandler
                0x0000000008000dbc                SPI3_IRQHandler
                0x0000000008000dbc                DMA1_Stream4_IRQHandler
                0x0000000008000dbc                I2C1_ER_IRQHandler
                0x0000000008000dbc                FMC_IRQHandler
                0x0000000008000dbc                DMA2_Stream6_IRQHandler
                0x0000000008000dbc                SAI1_IRQHandler
                0x0000000008000dbc                DMA1_Stream3_IRQHandler
 *fill*         0x0000000008000dbe        0x2 
 .text.HAL_IncTick
                0x0000000008000dc0       0x28 Drivers/STM32F4xx_HAL_Driver/Src/stm32f4xx_hal.o
                0x0000000008000dc0                HAL_IncTick
 .text.Set_Register
                0x0000000008000de8       0x54 sp_drivers/src/sp_led_matrix.o
                0x0000000008000de8                Set_Register
 .text.Draw_Spectrum
                0x0000000008000e3c       0x50 sp_drivers/src/sp_led_matrix.o
                0x0000000008000e3c                Draw_Spectrum
 .text.ADC_Done
                0x0000000008000e8c       0x22 sp_drivers/src/sp_stm32_adc.o
                0x0000000008000e8c                ADC_Done
 .text.GPIO_Config
                0x0000000008000eae       0x84 sp_drivers/src/sp_stm32_gpio.o
                0x0000000008000eae                GPIO_Config
 .text.GPIO_Write
                0x0000000008000f32       0x48 sp_drivers/src/sp_stm32_gpio.o
                0x0000000008000f32                GPIO_Write
 .text.SPI_Config
                0x0000000008000f7a       0x56 sp_drivers/src/sp_stm32_spi.o
                0x0000000008000f7a                SPI_Config
 .text.SPI_Enable
                0x0000000008000fd0       0x20 sp_drivers/src/sp_stm32_spi.o
                0x0000000008000fd0                SPI_Enable
 .text.SPI_TxBufferEmpty
                0x0000000008000ff0       0x28 sp_drivers/src/sp_stm32_spi.o
                0x0000000008000ff0                SPI_TxBufferEmpty
 .text.SPI_NotBusy
                0x0000000008001018       0x28 sp_drivers/src/sp_stm32_spi.o
                0x0000000008001018                SPI_NotBusy
 .text.SPI_Senddata
                0x0000000008001040       0x1e sp_drivers/src/sp_stm32_spi.o
                0x0000000008001040                SPI_Senddata
 *fill*         0x000000000800105e        0x2 
 .text.arm_cfft_radix4_init_f32
                0x0000000008001060       0xcc E:\study\german language\7th sem\Projects\Music_Spectrum\libs\libarm_cortexM4lf_math.a(arm_cfft_radix4_init_f32.o)
                0x0000000008001060                arm_cfft_radix4_init_f32
 .text.arm_radix4_butterfly_f32
                0x000000000800112c      0x394 E:\study\german language\7th sem\Projects\Music_Spectrum\libs\libarm_cortexM4lf_math.a(arm_cfft_radix4_f32.o)
                0x000000000800112c                arm_radix4_butterfly_f32
 .text.arm_radix4_butterfly_inverse_f32
                0x00000000080014c0      0x3b0 E:\study\german language\7th sem\Projects\Music_Spectrum\libs\libarm_cortexM4lf_math.a(arm_cfft_radix4_f32.o)
                0x00000000080014c0                arm_radix4_butterfly_inverse_f32
 .text.arm_cfft_radix4_f32
                0x0000000008001870       0x40 E:\study\german language\7th sem\Projects\Music_Spectrum\libs\libarm_cortexM4lf_math.a(arm_cfft_radix4_f32.o)
                0x0000000008001870                arm_cfft_radix4_f32
 .text.arm_cmplx_mag_f32
                0x00000000080018b0      0x1d0 E:\study\german language\7th sem\Projects\Music_Spectrum\libs\libarm_cortexM4lf_math.a(arm_cmplx_mag_f32.o)
                0x00000000080018b0                arm_cmplx_mag_f32
 .text.arm_bitreversal_f32
                0x0000000008001a80       0xe0 E:\study\german language\7th sem\Projects\Music_Spectrum\libs\libarm_cortexM4lf_math.a(arm_bitreversal.o)
                0x0000000008001a80                arm_bitreversal_f32
 .text.__errno  0x0000000008001b60        0xc c:/st/stm32cubeide_1.1.0/stm32cubeide/plugins/com.st.stm32cube.ide.mcu.externaltools.gnu-tools-for-stm32.7-2018-q2-update.win32_1.0.0.201904181610/tools/bin/../lib/gcc/arm-none-eabi/7.3.1/../../../../arm-none-eabi/lib/thumb/v7e-m/fpv4-sp/hard\libc_nano.a(lib_a-errno.o)
                0x0000000008001b60                __errno
 .text.__libc_init_array
                0x0000000008001b6c       0x48 c:/st/stm32cubeide_1.1.0/stm32cubeide/plugins/com.st.stm32cube.ide.mcu.externaltools.gnu-tools-for-stm32.7-2018-q2-update.win32_1.0.0.201904181610/tools/bin/../lib/gcc/arm-none-eabi/7.3.1/../../../../arm-none-eabi/lib/thumb/v7e-m/fpv4-sp/hard\libc_nano.a(lib_a-init.o)
                0x0000000008001b6c                __libc_init_array
 .text.sqrtf    0x0000000008001bb4       0xa0 c:/st/stm32cubeide_1.1.0/stm32cubeide/plugins/com.st.stm32cube.ide.mcu.externaltools.gnu-tools-for-stm32.7-2018-q2-update.win32_1.0.0.201904181610/tools/bin/../lib/gcc/arm-none-eabi/7.3.1/../../../../arm-none-eabi/lib/thumb/v7e-m/fpv4-sp/hard\libm.a(lib_a-wf_sqrt.o)
                0x0000000008001bb4                sqrtf
 .text.__ieee754_sqrtf
                0x0000000008001c54        0x6 c:/st/stm32cubeide_1.1.0/stm32cubeide/plugins/com.st.stm32cube.ide.mcu.externaltools.gnu-tools-for-stm32.7-2018-q2-update.win32_1.0.0.201904181610/tools/bin/../lib/gcc/arm-none-eabi/7.3.1/../../../../arm-none-eabi/lib/thumb/v7e-m/fpv4-sp/hard\libm.a(lib_a-ef_sqrt.o)
                0x0000000008001c54                __ieee754_sqrtf
 .text.matherr  0x0000000008001c5a        0x4 c:/st/stm32cubeide_1.1.0/stm32cubeide/plugins/com.st.stm32cube.ide.mcu.externaltools.gnu-tools-for-stm32.7-2018-q2-update.win32_1.0.0.201904181610/tools/bin/../lib/gcc/arm-none-eabi/7.3.1/../../../../arm-none-eabi/lib/thumb/v7e-m/fpv4-sp/hard\libm.a(lib_a-s_matherr.o)
                0x0000000008001c5a                matherr
 *(.glue_7)
 .glue_7        0x0000000008001c5e        0x0 linker stubs
 *(.glue_7t)
 .glue_7t       0x0000000008001c5e        0x0 linker stubs
 *(.eh_frame)
 *fill*         0x0000000008001c5e        0x2 
 .eh_frame      0x0000000008001c60        0x0 c:/st/stm32cubeide_1.1.0/stm32cubeide/plugins/com.st.stm32cube.ide.mcu.externaltools.gnu-tools-for-stm32.7-2018-q2-update.win32_1.0.0.201904181610/tools/bin/../lib/gcc/arm-none-eabi/7.3.1/thumb/v7e-m/fpv4-sp/hard/crtbegin.o
 *(.init)
 .init          0x0000000008001c60        0x4 c:/st/stm32cubeide_1.1.0/stm32cubeide/plugins/com.st.stm32cube.ide.mcu.externaltools.gnu-tools-for-stm32.7-2018-q2-update.win32_1.0.0.201904181610/tools/bin/../lib/gcc/arm-none-eabi/7.3.1/thumb/v7e-m/fpv4-sp/hard/crti.o
                0x0000000008001c60                _init
 .init          0x0000000008001c64        0x8 c:/st/stm32cubeide_1.1.0/stm32cubeide/plugins/com.st.stm32cube.ide.mcu.externaltools.gnu-tools-for-stm32.7-2018-q2-update.win32_1.0.0.201904181610/tools/bin/../lib/gcc/arm-none-eabi/7.3.1/thumb/v7e-m/fpv4-sp/hard/crtn.o
 *(.fini)
 .fini          0x0000000008001c6c        0x4 c:/st/stm32cubeide_1.1.0/stm32cubeide/plugins/com.st.stm32cube.ide.mcu.externaltools.gnu-tools-for-stm32.7-2018-q2-update.win32_1.0.0.201904181610/tools/bin/../lib/gcc/arm-none-eabi/7.3.1/thumb/v7e-m/fpv4-sp/hard/crti.o
                0x0000000008001c6c                _fini
 .fini          0x0000000008001c70        0x8 c:/st/stm32cubeide_1.1.0/stm32cubeide/plugins/com.st.stm32cube.ide.mcu.externaltools.gnu-tools-for-stm32.7-2018-q2-update.win32_1.0.0.201904181610/tools/bin/../lib/gcc/arm-none-eabi/7.3.1/thumb/v7e-m/fpv4-sp/hard/crtn.o
                0x0000000008001c78                . = ALIGN (0x4)
                0x0000000008001c78                _etext = .

.vfp11_veneer   0x0000000008001c78        0x0
 .vfp11_veneer  0x0000000008001c78        0x0 linker stubs

.v4_bx          0x0000000008001c78        0x0
 .v4_bx         0x0000000008001c78        0x0 linker stubs

.iplt           0x0000000008001c78        0x0
 .iplt          0x0000000008001c78        0x0 c:/st/stm32cubeide_1.1.0/stm32cubeide/plugins/com.st.stm32cube.ide.mcu.externaltools.gnu-tools-for-stm32.7-2018-q2-update.win32_1.0.0.201904181610/tools/bin/../lib/gcc/arm-none-eabi/7.3.1/thumb/v7e-m/fpv4-sp/hard/crtbegin.o

.rodata         0x0000000008001c78     0x8808
                0x0000000008001c78                . = ALIGN (0x4)
 *(.rodata)
 *(.rodata*)
 .rodata.armBitRevTable
                0x0000000008001c78      0x800 E:\study\german language\7th sem\Projects\Music_Spectrum\libs\libarm_cortexM4lf_math.a(arm_common_tables.o)
                0x0000000008001c78                armBitRevTable
 .rodata.twiddleCoef_4096
                0x0000000008002478     0x8000 E:\study\german language\7th sem\Projects\Music_Spectrum\libs\libarm_cortexM4lf_math.a(arm_common_tables.o)
                0x0000000008002478                twiddleCoef_4096
 .rodata.sqrtf.str1.1
                0x000000000800a478        0x6 c:/st/stm32cubeide_1.1.0/stm32cubeide/plugins/com.st.stm32cube.ide.mcu.externaltools.gnu-tools-for-stm32.7-2018-q2-update.win32_1.0.0.201904181610/tools/bin/../lib/gcc/arm-none-eabi/7.3.1/../../../../arm-none-eabi/lib/thumb/v7e-m/fpv4-sp/hard\libm.a(lib_a-wf_sqrt.o)
                0x000000000800a480                . = ALIGN (0x4)
 *fill*         0x000000000800a47e        0x2 

.rel.dyn        0x000000000800a480        0x0
 .rel.iplt      0x000000000800a480        0x0 c:/st/stm32cubeide_1.1.0/stm32cubeide/plugins/com.st.stm32cube.ide.mcu.externaltools.gnu-tools-for-stm32.7-2018-q2-update.win32_1.0.0.201904181610/tools/bin/../lib/gcc/arm-none-eabi/7.3.1/thumb/v7e-m/fpv4-sp/hard/crtbegin.o

.ARM.extab      0x000000000800a480        0x0
                0x000000000800a480                . = ALIGN (0x4)
 *(.ARM.extab* .gnu.linkonce.armextab.*)
                0x000000000800a480                . = ALIGN (0x4)

.ARM            0x000000000800a480        0x0
                0x000000000800a480                . = ALIGN (0x4)
                0x000000000800a480                __exidx_start = .
 *(.ARM.exidx*)
                0x000000000800a480                __exidx_end = .
                0x000000000800a480                . = ALIGN (0x4)

.preinit_array  0x000000000800a480        0x0
                0x000000000800a480                . = ALIGN (0x4)
                0x000000000800a480                PROVIDE (__preinit_array_start = .)
 *(.preinit_array*)
                0x000000000800a480                PROVIDE (__preinit_array_end = .)
                0x000000000800a480                . = ALIGN (0x4)

.init_array     0x000000000800a480        0x4
                0x000000000800a480                . = ALIGN (0x4)
                0x000000000800a480                PROVIDE (__init_array_start = .)
 *(SORT_BY_NAME(.init_array.*))
 *(.init_array*)
 .init_array    0x000000000800a480        0x4 c:/st/stm32cubeide_1.1.0/stm32cubeide/plugins/com.st.stm32cube.ide.mcu.externaltools.gnu-tools-for-stm32.7-2018-q2-update.win32_1.0.0.201904181610/tools/bin/../lib/gcc/arm-none-eabi/7.3.1/thumb/v7e-m/fpv4-sp/hard/crtbegin.o
                0x000000000800a484                PROVIDE (__init_array_end = .)
                0x000000000800a484                . = ALIGN (0x4)

.fini_array     0x000000000800a484        0x4
                0x000000000800a484                . = ALIGN (0x4)
                [!provide]                        PROVIDE (__fini_array_start = .)
 *(SORT_BY_NAME(.fini_array.*))
 *(.fini_array*)
 .fini_array    0x000000000800a484        0x4 c:/st/stm32cubeide_1.1.0/stm32cubeide/plugins/com.st.stm32cube.ide.mcu.externaltools.gnu-tools-for-stm32.7-2018-q2-update.win32_1.0.0.201904181610/tools/bin/../lib/gcc/arm-none-eabi/7.3.1/thumb/v7e-m/fpv4-sp/hard/crtbegin.o
                [!provide]                        PROVIDE (__fini_array_end = .)
                0x000000000800a488                . = ALIGN (0x4)
                0x000000000800a488                _sidata = LOADADDR (.data)

.data           0x0000000020000000       0x74 load address 0x000000000800a488
                0x0000000020000000                . = ALIGN (0x4)
                0x0000000020000000                _sdata = .
 *(.data)
 *(.data*)
 .data.level    0x0000000020000000        0x9 Core/Src/main.o
                0x0000000020000000                level
 .data.uwTickFreq
                0x0000000020000009        0x1 Drivers/STM32F4xx_HAL_Driver/Src/stm32f4xx_hal.o
                0x0000000020000009                uwTickFreq
 *fill*         0x000000002000000a        0x2 
 .data._impure_ptr
                0x000000002000000c        0x4 c:/st/stm32cubeide_1.1.0/stm32cubeide/plugins/com.st.stm32cube.ide.mcu.externaltools.gnu-tools-for-stm32.7-2018-q2-update.win32_1.0.0.201904181610/tools/bin/../lib/gcc/arm-none-eabi/7.3.1/../../../../arm-none-eabi/lib/thumb/v7e-m/fpv4-sp/hard\libc_nano.a(lib_a-impure.o)
                0x000000002000000c                _impure_ptr
 .data.impure_data
                0x0000000020000010       0x60 c:/st/stm32cubeide_1.1.0/stm32cubeide/plugins/com.st.stm32cube.ide.mcu.externaltools.gnu-tools-for-stm32.7-2018-q2-update.win32_1.0.0.201904181610/tools/bin/../lib/gcc/arm-none-eabi/7.3.1/../../../../arm-none-eabi/lib/thumb/v7e-m/fpv4-sp/hard\libc_nano.a(lib_a-impure.o)
 .data.__fdlib_version
                0x0000000020000070        0x1 c:/st/stm32cubeide_1.1.0/stm32cubeide/plugins/com.st.stm32cube.ide.mcu.externaltools.gnu-tools-for-stm32.7-2018-q2-update.win32_1.0.0.201904181610/tools/bin/../lib/gcc/arm-none-eabi/7.3.1/../../../../arm-none-eabi/lib/thumb/v7e-m/fpv4-sp/hard\libm.a(lib_a-s_lib_ver.o)
                0x0000000020000070                __fdlib_version
                0x0000000020000074                . = ALIGN (0x4)
 *fill*         0x0000000020000071        0x3 
                0x0000000020000074                _edata = .

.igot.plt       0x0000000020000074        0x0 load address 0x000000000800a4fc
 .igot.plt      0x0000000020000074        0x0 c:/st/stm32cubeide_1.1.0/stm32cubeide/plugins/com.st.stm32cube.ide.mcu.externaltools.gnu-tools-for-stm32.7-2018-q2-update.win32_1.0.0.201904181610/tools/bin/../lib/gcc/arm-none-eabi/7.3.1/thumb/v7e-m/fpv4-sp/hard/crtbegin.o
                0x0000000020000074                . = ALIGN (0x4)

.bss            0x0000000020000074      0xc30 load address 0x000000000800a4fc
                0x0000000020000074                _sbss = .
                0x0000000020000074                __bss_start__ = _sbss
 *(.bss)
 .bss           0x0000000020000074       0x1c c:/st/stm32cubeide_1.1.0/stm32cubeide/plugins/com.st.stm32cube.ide.mcu.externaltools.gnu-tools-for-stm32.7-2018-q2-update.win32_1.0.0.201904181610/tools/bin/../lib/gcc/arm-none-eabi/7.3.1/thumb/v7e-m/fpv4-sp/hard/crtbegin.o
 *(.bss*)
 .bss.spectrum  0x0000000020000090        0x8 Core/Src/main.o
                0x0000000020000090                spectrum
 .bss.i.11469   0x0000000020000098        0x4 Core/Src/main.o
 .bss.j.11470   0x000000002000009c        0x4 Core/Src/main.o
 *(COMMON)
 COMMON         0x00000000200000a0      0xc00 Core/Src/main.o
                0x00000000200000a0                Output
                0x00000000200004a0                Input
 COMMON         0x0000000020000ca0        0x4 Drivers/STM32F4xx_HAL_Driver/Src/stm32f4xx_hal.o
                0x0000000020000ca0                uwTick
                0x0000000020000ca4                . = ALIGN (0x4)
                0x0000000020000ca4                _ebss = .
                0x0000000020000ca4                __bss_end__ = _ebss

._user_heap_stack
                0x0000000020000ca4      0x604 load address 0x000000000800a4fc
                0x0000000020000ca8                . = ALIGN (0x8)
 *fill*         0x0000000020000ca4        0x4 
                0x0000000020000ca8                PROVIDE (end = .)
                [!provide]                        PROVIDE (_end = .)
                0x0000000020000ea8                . = (. + _Min_Heap_Size)
 *fill*         0x0000000020000ca8      0x200 
                0x00000000200012a8                . = (. + _Min_Stack_Size)
 *fill*         0x0000000020000ea8      0x400 
                0x00000000200012a8                . = ALIGN (0x8)

/DISCARD/
 libc.a(*)
 libm.a(*)
 libgcc.a(*)

.ARM.attributes
                0x0000000000000000       0x30
 *(.ARM.attributes)
 .ARM.attributes
                0x0000000000000000       0x22 c:/st/stm32cubeide_1.1.0/stm32cubeide/plugins/com.st.stm32cube.ide.mcu.externaltools.gnu-tools-for-stm32.7-2018-q2-update.win32_1.0.0.201904181610/tools/bin/../lib/gcc/arm-none-eabi/7.3.1/thumb/v7e-m/fpv4-sp/hard/crti.o
 .ARM.attributes
                0x0000000000000022       0x34 c:/st/stm32cubeide_1.1.0/stm32cubeide/plugins/com.st.stm32cube.ide.mcu.externaltools.gnu-tools-for-stm32.7-2018-q2-update.win32_1.0.0.201904181610/tools/bin/../lib/gcc/arm-none-eabi/7.3.1/thumb/v7e-m/fpv4-sp/hard/crtbegin.o
 .ARM.attributes
                0x0000000000000056       0x39 Core/Src/main.o
 .ARM.attributes
                0x000000000000008f       0x39 Core/Src/stm32f4xx_it.o
 .ARM.attributes
                0x00000000000000c8       0x39 Core/Src/system_stm32f4xx.o
 .ARM.attributes
                0x0000000000000101       0x21 Core/Startup/startup_stm32f446retx.o
 .ARM.attributes
                0x0000000000000122       0x39 Drivers/STM32F4xx_HAL_Driver/Src/stm32f4xx_hal.o
 .ARM.attributes
                0x000000000000015b       0x39 sp_drivers/src/sp_led_matrix.o
 .ARM.attributes
                0x0000000000000194       0x39 sp_drivers/src/sp_stm32_adc.o
 .ARM.attributes
                0x00000000000001cd       0x39 sp_drivers/src/sp_stm32_gpio.o
 .ARM.attributes
                0x0000000000000206       0x39 sp_drivers/src/sp_stm32_spi.o
 .ARM.attributes
                0x000000000000023f       0x39 E:\study\german language\7th sem\Projects\Music_Spectrum\libs\libarm_cortexM4lf_math.a(arm_cfft_radix4_init_f32.o)
 .ARM.attributes
                0x0000000000000278       0x39 E:\study\german language\7th sem\Projects\Music_Spectrum\libs\libarm_cortexM4lf_math.a(arm_cfft_radix4_f32.o)
 .ARM.attributes
                0x00000000000002b1       0x39 E:\study\german language\7th sem\Projects\Music_Spectrum\libs\libarm_cortexM4lf_math.a(arm_cmplx_mag_f32.o)
 .ARM.attributes
                0x00000000000002ea       0x39 E:\study\german language\7th sem\Projects\Music_Spectrum\libs\libarm_cortexM4lf_math.a(arm_common_tables.o)
 .ARM.attributes
                0x0000000000000323       0x39 E:\study\german language\7th sem\Projects\Music_Spectrum\libs\libarm_cortexM4lf_math.a(arm_bitreversal.o)
 .ARM.attributes
                0x000000000000035c       0x34 c:/st/stm32cubeide_1.1.0/stm32cubeide/plugins/com.st.stm32cube.ide.mcu.externaltools.gnu-tools-for-stm32.7-2018-q2-update.win32_1.0.0.201904181610/tools/bin/../lib/gcc/arm-none-eabi/7.3.1/../../../../arm-none-eabi/lib/thumb/v7e-m/fpv4-sp/hard\libc_nano.a(lib_a-errno.o)
 .ARM.attributes
                0x0000000000000390       0x34 c:/st/stm32cubeide_1.1.0/stm32cubeide/plugins/com.st.stm32cube.ide.mcu.externaltools.gnu-tools-for-stm32.7-2018-q2-update.win32_1.0.0.201904181610/tools/bin/../lib/gcc/arm-none-eabi/7.3.1/../../../../arm-none-eabi/lib/thumb/v7e-m/fpv4-sp/hard\libc_nano.a(lib_a-impure.o)
 .ARM.attributes
                0x00000000000003c4       0x34 c:/st/stm32cubeide_1.1.0/stm32cubeide/plugins/com.st.stm32cube.ide.mcu.externaltools.gnu-tools-for-stm32.7-2018-q2-update.win32_1.0.0.201904181610/tools/bin/../lib/gcc/arm-none-eabi/7.3.1/../../../../arm-none-eabi/lib/thumb/v7e-m/fpv4-sp/hard\libc_nano.a(lib_a-init.o)
 .ARM.attributes
                0x00000000000003f8       0x34 c:/st/stm32cubeide_1.1.0/stm32cubeide/plugins/com.st.stm32cube.ide.mcu.externaltools.gnu-tools-for-stm32.7-2018-q2-update.win32_1.0.0.201904181610/tools/bin/../lib/gcc/arm-none-eabi/7.3.1/../../../../arm-none-eabi/lib/thumb/v7e-m/fpv4-sp/hard\libm.a(lib_a-wf_sqrt.o)
 .ARM.attributes
                0x000000000000042c       0x34 c:/st/stm32cubeide_1.1.0/stm32cubeide/plugins/com.st.stm32cube.ide.mcu.externaltools.gnu-tools-for-stm32.7-2018-q2-update.win32_1.0.0.201904181610/tools/bin/../lib/gcc/arm-none-eabi/7.3.1/../../../../arm-none-eabi/lib/thumb/v7e-m/fpv4-sp/hard\libm.a(lib_a-ef_sqrt.o)
 .ARM.attributes
                0x0000000000000460       0x34 c:/st/stm32cubeide_1.1.0/stm32cubeide/plugins/com.st.stm32cube.ide.mcu.externaltools.gnu-tools-for-stm32.7-2018-q2-update.win32_1.0.0.201904181610/tools/bin/../lib/gcc/arm-none-eabi/7.3.1/../../../../arm-none-eabi/lib/thumb/v7e-m/fpv4-sp/hard\libm.a(lib_a-s_lib_ver.o)
 .ARM.attributes
                0x0000000000000494       0x34 c:/st/stm32cubeide_1.1.0/stm32cubeide/plugins/com.st.stm32cube.ide.mcu.externaltools.gnu-tools-for-stm32.7-2018-q2-update.win32_1.0.0.201904181610/tools/bin/../lib/gcc/arm-none-eabi/7.3.1/../../../../arm-none-eabi/lib/thumb/v7e-m/fpv4-sp/hard\libm.a(lib_a-s_matherr.o)
 .ARM.attributes
                0x00000000000004c8       0x22 c:/st/stm32cubeide_1.1.0/stm32cubeide/plugins/com.st.stm32cube.ide.mcu.externaltools.gnu-tools-for-stm32.7-2018-q2-update.win32_1.0.0.201904181610/tools/bin/../lib/gcc/arm-none-eabi/7.3.1/thumb/v7e-m/fpv4-sp/hard\libgcc.a(_arm_addsubdf3.o)
 .ARM.attributes
                0x00000000000004ea       0x22 c:/st/stm32cubeide_1.1.0/stm32cubeide/plugins/com.st.stm32cube.ide.mcu.externaltools.gnu-tools-for-stm32.7-2018-q2-update.win32_1.0.0.201904181610/tools/bin/../lib/gcc/arm-none-eabi/7.3.1/thumb/v7e-m/fpv4-sp/hard\libgcc.a(_arm_muldivdf3.o)
 .ARM.attributes
                0x000000000000050c       0x22 c:/st/stm32cubeide_1.1.0/stm32cubeide/plugins/com.st.stm32cube.ide.mcu.externaltools.gnu-tools-for-stm32.7-2018-q2-update.win32_1.0.0.201904181610/tools/bin/../lib/gcc/arm-none-eabi/7.3.1/thumb/v7e-m/fpv4-sp/hard\libgcc.a(_arm_fixunsdfsi.o)
 .ARM.attributes
                0x000000000000052e       0x22 c:/st/stm32cubeide_1.1.0/stm32cubeide/plugins/com.st.stm32cube.ide.mcu.externaltools.gnu-tools-for-stm32.7-2018-q2-update.win32_1.0.0.201904181610/tools/bin/../lib/gcc/arm-none-eabi/7.3.1/thumb/v7e-m/fpv4-sp/hard\libgcc.a(_arm_truncdfsf2.o)
 .ARM.attributes
                0x0000000000000550       0x22 c:/st/stm32cubeide_1.1.0/stm32cubeide/plugins/com.st.stm32cube.ide.mcu.externaltools.gnu-tools-for-stm32.7-2018-q2-update.win32_1.0.0.201904181610/tools/bin/../lib/gcc/arm-none-eabi/7.3.1/thumb/v7e-m/fpv4-sp/hard/crtn.o
OUTPUT(Music_Spectrum.elf elf32-littlearm)

.debug_info     0x0000000000000000     0x749e
 .debug_info    0x0000000000000000     0x11f3 Core/Src/main.o
 .debug_info    0x00000000000011f3      0xa18 Core/Src/stm32f4xx_it.o
 .debug_info    0x0000000000001c0b      0x584 Core/Src/system_stm32f4xx.o
 .debug_info    0x000000000000218f       0x22 Core/Startup/startup_stm32f446retx.o
 .debug_info    0x00000000000021b1      0x993 Drivers/STM32F4xx_HAL_Driver/Src/stm32f4xx_hal.o
 .debug_info    0x0000000000002b44      0xb10 sp_drivers/src/sp_led_matrix.o
 .debug_info    0x0000000000003654      0xaab sp_drivers/src/sp_stm32_adc.o
 .debug_info    0x00000000000040ff      0xc15 sp_drivers/src/sp_stm32_gpio.o
 .debug_info    0x0000000000004d14      0xc2c sp_drivers/src/sp_stm32_spi.o
 .debug_info    0x0000000000005940      0x257 E:\study\german language\7th sem\Projects\Music_Spectrum\libs\libarm_cortexM4lf_math.a(arm_cfft_radix4_init_f32.o)
 .debug_info    0x0000000000005b97      0x9da E:\study\german language\7th sem\Projects\Music_Spectrum\libs\libarm_cortexM4lf_math.a(arm_cfft_radix4_f32.o)
 .debug_info    0x0000000000006571      0x299 E:\study\german language\7th sem\Projects\Music_Spectrum\libs\libarm_cortexM4lf_math.a(arm_cmplx_mag_f32.o)
 .debug_info    0x000000000000680a      0x99d E:\study\german language\7th sem\Projects\Music_Spectrum\libs\libarm_cortexM4lf_math.a(arm_common_tables.o)
 .debug_info    0x00000000000071a7      0x2f7 E:\study\german language\7th sem\Projects\Music_Spectrum\libs\libarm_cortexM4lf_math.a(arm_bitreversal.o)

.debug_abbrev   0x0000000000000000     0x1319
 .debug_abbrev  0x0000000000000000      0x249 Core/Src/main.o
 .debug_abbrev  0x0000000000000249      0x1aa Core/Src/stm32f4xx_it.o
 .debug_abbrev  0x00000000000003f3      0x128 Core/Src/system_stm32f4xx.o
 .debug_abbrev  0x000000000000051b       0x12 Core/Startup/startup_stm32f446retx.o
 .debug_abbrev  0x000000000000052d      0x1c4 Drivers/STM32F4xx_HAL_Driver/Src/stm32f4xx_hal.o
 .debug_abbrev  0x00000000000006f1      0x1e0 sp_drivers/src/sp_led_matrix.o
 .debug_abbrev  0x00000000000008d1      0x1a3 sp_drivers/src/sp_stm32_adc.o
 .debug_abbrev  0x0000000000000a74      0x1ed sp_drivers/src/sp_stm32_gpio.o
 .debug_abbrev  0x0000000000000c61      0x1c8 sp_drivers/src/sp_stm32_spi.o
 .debug_abbrev  0x0000000000000e29      0x103 E:\study\german language\7th sem\Projects\Music_Spectrum\libs\libarm_cortexM4lf_math.a(arm_cfft_radix4_init_f32.o)
 .debug_abbrev  0x0000000000000f2c      0x182 E:\study\german language\7th sem\Projects\Music_Spectrum\libs\libarm_cortexM4lf_math.a(arm_cfft_radix4_f32.o)
 .debug_abbrev  0x00000000000010ae      0x11b E:\study\german language\7th sem\Projects\Music_Spectrum\libs\libarm_cortexM4lf_math.a(arm_cmplx_mag_f32.o)
 .debug_abbrev  0x00000000000011c9       0x84 E:\study\german language\7th sem\Projects\Music_Spectrum\libs\libarm_cortexM4lf_math.a(arm_common_tables.o)
 .debug_abbrev  0x000000000000124d       0xcc E:\study\german language\7th sem\Projects\Music_Spectrum\libs\libarm_cortexM4lf_math.a(arm_bitreversal.o)

.debug_aranges  0x0000000000000000      0x360
 .debug_aranges
                0x0000000000000000       0x40 Core/Src/main.o
 .debug_aranges
                0x0000000000000040       0x60 Core/Src/stm32f4xx_it.o
 .debug_aranges
                0x00000000000000a0       0x28 Core/Src/system_stm32f4xx.o
 .debug_aranges
                0x00000000000000c8       0x28 Core/Startup/startup_stm32f446retx.o
 .debug_aranges
                0x00000000000000f0       0xf0 Drivers/STM32F4xx_HAL_Driver/Src/stm32f4xx_hal.o
 .debug_aranges
                0x00000000000001e0       0x28 sp_drivers/src/sp_led_matrix.o
 .debug_aranges
                0x0000000000000208       0x20 sp_drivers/src/sp_stm32_adc.o
 .debug_aranges
                0x0000000000000228       0x40 sp_drivers/src/sp_stm32_gpio.o
 .debug_aranges
                0x0000000000000268       0x40 sp_drivers/src/sp_stm32_spi.o
 .debug_aranges
                0x00000000000002a8       0x20 E:\study\german language\7th sem\Projects\Music_Spectrum\libs\libarm_cortexM4lf_math.a(arm_cfft_radix4_init_f32.o)
 .debug_aranges
                0x00000000000002c8       0x30 E:\study\german language\7th sem\Projects\Music_Spectrum\libs\libarm_cortexM4lf_math.a(arm_cfft_radix4_f32.o)
 .debug_aranges
                0x00000000000002f8       0x20 E:\study\german language\7th sem\Projects\Music_Spectrum\libs\libarm_cortexM4lf_math.a(arm_cmplx_mag_f32.o)
 .debug_aranges
                0x0000000000000318       0x18 E:\study\german language\7th sem\Projects\Music_Spectrum\libs\libarm_cortexM4lf_math.a(arm_common_tables.o)
 .debug_aranges
                0x0000000000000330       0x30 E:\study\german language\7th sem\Projects\Music_Spectrum\libs\libarm_cortexM4lf_math.a(arm_bitreversal.o)

.debug_ranges   0x0000000000000000      0x340
 .debug_ranges  0x0000000000000000       0x30 Core/Src/main.o
 .debug_ranges  0x0000000000000030       0x50 Core/Src/stm32f4xx_it.o
 .debug_ranges  0x0000000000000080       0x18 Core/Src/system_stm32f4xx.o
 .debug_ranges  0x0000000000000098       0x20 Core/Startup/startup_stm32f446retx.o
 .debug_ranges  0x00000000000000b8       0xe0 Drivers/STM32F4xx_HAL_Driver/Src/stm32f4xx_hal.o
 .debug_ranges  0x0000000000000198       0x18 sp_drivers/src/sp_led_matrix.o
 .debug_ranges  0x00000000000001b0       0x10 sp_drivers/src/sp_stm32_adc.o
 .debug_ranges  0x00000000000001c0       0x30 sp_drivers/src/sp_stm32_gpio.o
 .debug_ranges  0x00000000000001f0       0x30 sp_drivers/src/sp_stm32_spi.o
 .debug_ranges  0x0000000000000220       0x10 E:\study\german language\7th sem\Projects\Music_Spectrum\libs\libarm_cortexM4lf_math.a(arm_cfft_radix4_init_f32.o)
 .debug_ranges  0x0000000000000230       0x20 E:\study\german language\7th sem\Projects\Music_Spectrum\libs\libarm_cortexM4lf_math.a(arm_cfft_radix4_f32.o)
 .debug_ranges  0x0000000000000250       0xd0 E:\study\german language\7th sem\Projects\Music_Spectrum\libs\libarm_cortexM4lf_math.a(arm_cmplx_mag_f32.o)
 .debug_ranges  0x0000000000000320       0x20 E:\study\german language\7th sem\Projects\Music_Spectrum\libs\libarm_cortexM4lf_math.a(arm_bitreversal.o)

.debug_line     0x0000000000000000     0x322b
 .debug_line    0x0000000000000000      0x57f Core/Src/main.o
 .debug_line    0x000000000000057f      0x3fb Core/Src/stm32f4xx_it.o
 .debug_line    0x000000000000097a      0x2b5 Core/Src/system_stm32f4xx.o
 .debug_line    0x0000000000000c2f       0x86 Core/Startup/startup_stm32f446retx.o
 .debug_line    0x0000000000000cb5      0x4c5 Drivers/STM32F4xx_HAL_Driver/Src/stm32f4xx_hal.o
 .debug_line    0x000000000000117a      0x3a6 sp_drivers/src/sp_led_matrix.o
 .debug_line    0x0000000000001520      0x380 sp_drivers/src/sp_stm32_adc.o
 .debug_line    0x00000000000018a0      0x420 sp_drivers/src/sp_stm32_gpio.o
 .debug_line    0x0000000000001cc0      0x425 sp_drivers/src/sp_stm32_spi.o
 .debug_line    0x00000000000020e5      0x1b9 E:\study\german language\7th sem\Projects\Music_Spectrum\libs\libarm_cortexM4lf_math.a(arm_cfft_radix4_init_f32.o)
 .debug_line    0x000000000000229e      0x8f8 E:\study\german language\7th sem\Projects\Music_Spectrum\libs\libarm_cortexM4lf_math.a(arm_cfft_radix4_f32.o)
 .debug_line    0x0000000000002b96      0x20f E:\study\german language\7th sem\Projects\Music_Spectrum\libs\libarm_cortexM4lf_math.a(arm_cmplx_mag_f32.o)
 .debug_line    0x0000000000002da5      0x12e E:\study\german language\7th sem\Projects\Music_Spectrum\libs\libarm_cortexM4lf_math.a(arm_common_tables.o)
 .debug_line    0x0000000000002ed3      0x358 E:\study\german language\7th sem\Projects\Music_Spectrum\libs\libarm_cortexM4lf_math.a(arm_bitreversal.o)

.debug_str      0x0000000000000000     0x226b
 .debug_str     0x0000000000000000      0xcf9 Core/Src/main.o
                                        0xda7 (size before relaxing)
 .debug_str     0x0000000000000cf9       0xab Core/Src/stm32f4xx_it.o
                                        0x755 (size before relaxing)
 .debug_str     0x0000000000000da4       0xaf Core/Src/system_stm32f4xx.o
                                        0x459 (size before relaxing)
 .debug_str     0x0000000000000e53       0x36 Core/Startup/startup_stm32f446retx.o
                                         0x75 (size before relaxing)
 .debug_str     0x0000000000000e89      0x80c Drivers/STM32F4xx_HAL_Driver/Src/stm32f4xx_hal.o
                                        0xbe7 (size before relaxing)
 .debug_str     0x0000000000001695       0x48 sp_drivers/src/sp_led_matrix.o
                                        0x757 (size before relaxing)
 .debug_str     0x00000000000016dd       0x2f sp_drivers/src/sp_stm32_adc.o
                                        0x731 (size before relaxing)
 .debug_str     0x000000000000170c       0xaf sp_drivers/src/sp_stm32_gpio.o
                                        0x85a (size before relaxing)
 .debug_str     0x00000000000017bb      0x122 sp_drivers/src/sp_stm32_spi.o
                                        0x937 (size before relaxing)
 .debug_str     0x00000000000018dd      0x21d E:\study\german language\7th sem\Projects\Music_Spectrum\libs\libarm_cortexM4lf_math.a(arm_cfft_radix4_init_f32.o)
                                        0x372 (size before relaxing)
 .debug_str     0x0000000000001afa      0x17c E:\study\german language\7th sem\Projects\Music_Spectrum\libs\libarm_cortexM4lf_math.a(arm_cfft_radix4_f32.o)
                                        0x3f8 (size before relaxing)
 .debug_str     0x0000000000001c76       0x85 E:\study\german language\7th sem\Projects\Music_Spectrum\libs\libarm_cortexM4lf_math.a(arm_cmplx_mag_f32.o)
                                        0x303 (size before relaxing)
 .debug_str     0x0000000000001cfb      0x4f0 E:\study\german language\7th sem\Projects\Music_Spectrum\libs\libarm_cortexM4lf_math.a(arm_common_tables.o)
                                        0x704 (size before relaxing)
 .debug_str     0x00000000000021eb       0x80 E:\study\german language\7th sem\Projects\Music_Spectrum\libs\libarm_cortexM4lf_math.a(arm_bitreversal.o)
                                        0x2d8 (size before relaxing)

.comment        0x0000000000000000       0xeb
 .comment       0x0000000000000000       0x7b Core/Src/main.o
                                         0x7c (size before relaxing)
 .comment       0x000000000000007b       0x7c Core/Src/stm32f4xx_it.o
 .comment       0x000000000000007b       0x7c Core/Src/system_stm32f4xx.o
 .comment       0x000000000000007b       0x7c Drivers/STM32F4xx_HAL_Driver/Src/stm32f4xx_hal.o
 .comment       0x000000000000007b       0x7c sp_drivers/src/sp_led_matrix.o
 .comment       0x000000000000007b       0x7c sp_drivers/src/sp_stm32_adc.o
 .comment       0x000000000000007b       0x7c sp_drivers/src/sp_stm32_gpio.o
 .comment       0x000000000000007b       0x7c sp_drivers/src/sp_stm32_spi.o
 .comment       0x000000000000007b       0x70 E:\study\german language\7th sem\Projects\Music_Spectrum\libs\libarm_cortexM4lf_math.a(arm_cfft_radix4_init_f32.o)
                                         0x71 (size before relaxing)
 .comment       0x00000000000000eb       0x71 E:\study\german language\7th sem\Projects\Music_Spectrum\libs\libarm_cortexM4lf_math.a(arm_cfft_radix4_f32.o)
 .comment       0x00000000000000eb       0x71 E:\study\german language\7th sem\Projects\Music_Spectrum\libs\libarm_cortexM4lf_math.a(arm_cmplx_mag_f32.o)
 .comment       0x00000000000000eb       0x71 E:\study\german language\7th sem\Projects\Music_Spectrum\libs\libarm_cortexM4lf_math.a(arm_common_tables.o)
 .comment       0x00000000000000eb       0x71 E:\study\german language\7th sem\Projects\Music_Spectrum\libs\libarm_cortexM4lf_math.a(arm_bitreversal.o)

.debug_frame    0x0000000000000000      0xbdc
 .debug_frame   0x0000000000000000       0xbc Core/Src/main.o
 .debug_frame   0x00000000000000bc      0x10c Core/Src/stm32f4xx_it.o
 .debug_frame   0x00000000000001c8       0x58 Core/Src/system_stm32f4xx.o
 .debug_frame   0x0000000000000220      0x374 Drivers/STM32F4xx_HAL_Driver/Src/stm32f4xx_hal.o
 .debug_frame   0x0000000000000594       0x58 sp_drivers/src/sp_led_matrix.o
 .debug_frame   0x00000000000005ec       0x38 sp_drivers/src/sp_stm32_adc.o
 .debug_frame   0x0000000000000624       0xd8 sp_drivers/src/sp_stm32_gpio.o
 .debug_frame   0x00000000000006fc       0xd8 sp_drivers/src/sp_stm32_spi.o
 .debug_frame   0x00000000000007d4       0x4c E:\study\german language\7th sem\Projects\Music_Spectrum\libs\libarm_cortexM4lf_math.a(arm_cfft_radix4_init_f32.o)
 .debug_frame   0x0000000000000820       0xe4 E:\study\german language\7th sem\Projects\Music_Spectrum\libs\libarm_cortexM4lf_math.a(arm_cfft_radix4_f32.o)
 .debug_frame   0x0000000000000904       0x3c E:\study\german language\7th sem\Projects\Music_Spectrum\libs\libarm_cortexM4lf_math.a(arm_cmplx_mag_f32.o)
 .debug_frame   0x0000000000000940       0x8c E:\study\german language\7th sem\Projects\Music_Spectrum\libs\libarm_cortexM4lf_math.a(arm_bitreversal.o)
 .debug_frame   0x00000000000009cc       0x20 c:/st/stm32cubeide_1.1.0/stm32cubeide/plugins/com.st.stm32cube.ide.mcu.externaltools.gnu-tools-for-stm32.7-2018-q2-update.win32_1.0.0.201904181610/tools/bin/../lib/gcc/arm-none-eabi/7.3.1/../../../../arm-none-eabi/lib/thumb/v7e-m/fpv4-sp/hard\libc_nano.a(lib_a-errno.o)
 .debug_frame   0x00000000000009ec       0x2c c:/st/stm32cubeide_1.1.0/stm32cubeide/plugins/com.st.stm32cube.ide.mcu.externaltools.gnu-tools-for-stm32.7-2018-q2-update.win32_1.0.0.201904181610/tools/bin/../lib/gcc/arm-none-eabi/7.3.1/../../../../arm-none-eabi/lib/thumb/v7e-m/fpv4-sp/hard\libc_nano.a(lib_a-init.o)
 .debug_frame   0x0000000000000a18       0x40 c:/st/stm32cubeide_1.1.0/stm32cubeide/plugins/com.st.stm32cube.ide.mcu.externaltools.gnu-tools-for-stm32.7-2018-q2-update.win32_1.0.0.201904181610/tools/bin/../lib/gcc/arm-none-eabi/7.3.1/../../../../arm-none-eabi/lib/thumb/v7e-m/fpv4-sp/hard\libm.a(lib_a-wf_sqrt.o)
 .debug_frame   0x0000000000000a58       0x20 c:/st/stm32cubeide_1.1.0/stm32cubeide/plugins/com.st.stm32cube.ide.mcu.externaltools.gnu-tools-for-stm32.7-2018-q2-update.win32_1.0.0.201904181610/tools/bin/../lib/gcc/arm-none-eabi/7.3.1/../../../../arm-none-eabi/lib/thumb/v7e-m/fpv4-sp/hard\libm.a(lib_a-ef_sqrt.o)
 .debug_frame   0x0000000000000a78       0x20 c:/st/stm32cubeide_1.1.0/stm32cubeide/plugins/com.st.stm32cube.ide.mcu.externaltools.gnu-tools-for-stm32.7-2018-q2-update.win32_1.0.0.201904181610/tools/bin/../lib/gcc/arm-none-eabi/7.3.1/../../../../arm-none-eabi/lib/thumb/v7e-m/fpv4-sp/hard\libm.a(lib_a-s_matherr.o)
 .debug_frame   0x0000000000000a98       0xac c:/st/stm32cubeide_1.1.0/stm32cubeide/plugins/com.st.stm32cube.ide.mcu.externaltools.gnu-tools-for-stm32.7-2018-q2-update.win32_1.0.0.201904181610/tools/bin/../lib/gcc/arm-none-eabi/7.3.1/thumb/v7e-m/fpv4-sp/hard\libgcc.a(_arm_addsubdf3.o)
 .debug_frame   0x0000000000000b44       0x50 c:/st/stm32cubeide_1.1.0/stm32cubeide/plugins/com.st.stm32cube.ide.mcu.externaltools.gnu-tools-for-stm32.7-2018-q2-update.win32_1.0.0.201904181610/tools/bin/../lib/gcc/arm-none-eabi/7.3.1/thumb/v7e-m/fpv4-sp/hard\libgcc.a(_arm_muldivdf3.o)
 .debug_frame   0x0000000000000b94       0x24 c:/st/stm32cubeide_1.1.0/stm32cubeide/plugins/com.st.stm32cube.ide.mcu.externaltools.gnu-tools-for-stm32.7-2018-q2-update.win32_1.0.0.201904181610/tools/bin/../lib/gcc/arm-none-eabi/7.3.1/thumb/v7e-m/fpv4-sp/hard\libgcc.a(_arm_fixunsdfsi.o)
 .debug_frame   0x0000000000000bb8       0x24 c:/st/stm32cubeide_1.1.0/stm32cubeide/plugins/com.st.stm32cube.ide.mcu.externaltools.gnu-tools-for-stm32.7-2018-q2-update.win32_1.0.0.201904181610/tools/bin/../lib/gcc/arm-none-eabi/7.3.1/thumb/v7e-m/fpv4-sp/hard\libgcc.a(_arm_truncdfsf2.o)

.debug_loc      0x0000000000000000     0x3289
 .debug_loc     0x0000000000000000      0x360 E:\study\german language\7th sem\Projects\Music_Spectrum\libs\libarm_cortexM4lf_math.a(arm_cfft_radix4_init_f32.o)
 .debug_loc     0x0000000000000360     0x244c E:\study\german language\7th sem\Projects\Music_Spectrum\libs\libarm_cortexM4lf_math.a(arm_cfft_radix4_f32.o)
 .debug_loc     0x00000000000027ac      0x787 E:\study\german language\7th sem\Projects\Music_Spectrum\libs\libarm_cortexM4lf_math.a(arm_cmplx_mag_f32.o)
 .debug_loc     0x0000000000002f33      0x356 E:\study\german language\7th sem\Projects\Music_Spectrum\libs\libarm_cortexM4lf_math.a(arm_bitreversal.o)
